[
  {
    "version": "1.4.0-lite",
    "sha1": "BUerA3Bor6ICaSW9lL+5/Pzsl2E="
  },
  {
    "version": "1.4.0",
    "sha1": "ojY2RqndBZVWM7RQAQtZohr4pCM="
  }
]